server/geminiService.ts(14,6): error TS1005: ',' expected.
server/geminiService.ts(241,14): error TS1005: ':' expected.
server/geminiService.ts(241,78): error TS1005: ',' expected.
server/geminiService.ts(242,7): error TS1005: ',' expected.
server/geminiService.ts(248,3): error TS1005: ',' expected.
server/geminiService.ts(248,9): error TS1005: ',' expected.
server/geminiService.ts(248,29): error TS1005: ',' expected.
server/geminiService.ts(248,48): error TS1005: ',' expected.
server/geminiService.ts(249,11): error TS1005: ':' expected.
server/geminiService.ts(249,33): error TS1005: ',' expected.
server/geminiService.ts(250,11): error TS1005: ':' expected.
server/geminiService.ts(250,60): error TS1005: ',' expected.
server/geminiService.ts(251,11): error TS1005: ':' expected.
server/geminiService.ts(251,82): error TS1005: ',' expected.
server/geminiService.ts(252,11): error TS1005: ':' expected.
server/geminiService.ts(252,49): error TS1005: ',' expected.
server/geminiService.ts(255,11): error TS1005: ':' expected.
server/geminiService.ts(259,20): error TS1005: ',' expected.
server/geminiService.ts(261,11): error TS1005: ':' expected.
server/geminiService.ts(270,90): error TS1005: ',' expected.
server/geminiService.ts(272,11): error TS1005: ':' expected.
server/geminiService.ts(283,22): error TS1005: ',' expected.
server/geminiService.ts(285,11): error TS1005: ':' expected.
server/geminiService.ts(285,29): error TS1005: ',' expected.
server/geminiService.ts(287,9): error TS1003: Identifier expected.
server/geminiService.ts(292,5): error TS1005: ',' expected.
server/geminiService.ts(292,9): error TS1005: ':' expected.
server/geminiService.ts(294,13): error TS1005: ':' expected.
server/geminiService.ts(319,13): error TS1005: ':' expected.
server/geminiService.ts(323,8): error TS1005: ',' expected.
server/geminiService.ts(324,13): error TS1005: ':' expected.
server/geminiService.ts(326,15): error TS1005: ',' expected.
server/geminiService.ts(327,11): error TS1005: ',' expected.
server/geminiService.ts(327,29): error TS1005: ',' expected.
server/geminiService.ts(353,11): error TS1005: ',' expected.
server/geminiService.ts(353,42): error TS1005: ',' expected.
server/geminiService.ts(354,11): error TS1005: ',' expected.
server/geminiService.ts(354,78): error TS1005: ',' expected.
server/geminiService.ts(355,11): error TS1005: ',' expected.
server/geminiService.ts(355,55): error TS1005: ',' expected.
server/geminiService.ts(356,11): error TS1005: ',' expected.
server/geminiService.ts(356,51): error TS1005: ',' expected.
server/geminiService.ts(356,62): error TS1005: ',' expected.
server/geminiService.ts(359,13): error TS1005: ':' expected.
server/geminiService.ts(359,51): error TS1005: ',' expected.
server/geminiService.ts(360,25): error TS1005: ',' expected.
server/geminiService.ts(360,54): error TS1005: ',' expected.
server/geminiService.ts(361,15): error TS1005: ':' expected.
server/geminiService.ts(361,36): error TS1005: ',' expected.
server/geminiService.ts(362,15): error TS1005: ':' expected.
server/geminiService.ts(362,67): error TS1005: ',' expected.
server/geminiService.ts(364,13): error TS1003: Identifier expected.
server/geminiService.ts(364,22): error TS1005: ',' expected.
server/geminiService.ts(364,60): error TS1005: ',' expected.
server/geminiService.ts(365,17): error TS1005: ':' expected.
server/geminiService.ts(365,21): error TS1005: ':' expected.
server/geminiService.ts(365,26): error TS1005: ',' expected.
server/geminiService.ts(382,15): error TS1005: ',' expected.
server/geminiService.ts(382,45): error TS1005: ',' expected.
server/geminiService.ts(382,47): error TS1005: ';' expected.
server/geminiService.ts(389,15): error TS1003: Identifier expected.
server/geminiService.ts(399,15): error TS1003: Identifier expected.
server/geminiService.ts(406,15): error TS1003: Identifier expected.
server/geminiService.ts(414,11): error TS1003: Identifier expected.
server/geminiService.ts(432,15): error TS1005: ':' expected.
server/geminiService.ts(432,95): error TS1005: ',' expected.
server/geminiService.ts(450,7): error TS1005: ',' expected.
server/geminiService.ts(456,3): error TS1434: Unexpected keyword or identifier.
server/geminiService.ts(456,43): error TS1005: ',' expected.
server/geminiService.ts(456,59): error TS1005: ',' expected.
server/geminiService.ts(456,75): error TS1005: ',' expected.
server/geminiService.ts(456,84): error TS1005: ';' expected.
server/geminiService.ts(456,111): error TS1005: ',' expected.
server/geminiService.ts(456,130): error TS1005: ',' expected.
server/geminiService.ts(456,148): error TS1005: ',' expected.
server/geminiService.ts(456,170): error TS1011: An element access expression should take an argument.
server/geminiService.ts(457,11): error TS1005: ':' expected.
server/geminiService.ts(457,29): error TS1005: ',' expected.
server/geminiService.ts(458,9): error TS1003: Identifier expected.
server/geminiService.ts(485,13): error TS1005: ':' expected.
server/geminiService.ts(485,55): error TS1005: ',' expected.
server/geminiService.ts(486,14): error TS1005: ':' expected.
server/geminiService.ts(491,7): error TS1005: ',' expected.
server/geminiService.ts(501,3): error TS1005: ',' expected.
server/geminiService.ts(526,7): error TS1005: ';' expected.
server/geminiService.ts(534,7): error TS1005: ';' expected.
server/geminiService.ts(542,7): error TS1005: ';' expected.
server/geminiService.ts(564,3): error TS1434: Unexpected keyword or identifier.
server/geminiService.ts(564,36): error TS1005: ',' expected.
server/geminiService.ts(565,19): error TS1005: ',' expected.
server/geminiService.ts(566,36): error TS1005: ',' expected.
server/geminiService.ts(567,18): error TS1005: ',' expected.
server/geminiService.ts(568,21): error TS1005: ',' expected.
server/geminiService.ts(569,5): error TS1005: ';' expected.
server/geminiService.ts(570,22): error TS1005: ',' expected.
server/geminiService.ts(571,30): error TS1005: ',' expected.
server/geminiService.ts(572,23): error TS1005: ',' expected.
server/geminiService.ts(573,23): error TS1005: ',' expected.
server/geminiService.ts(574,25): error TS1005: ',' expected.
server/geminiService.ts(576,30): error TS1005: ',' expected.
server/geminiService.ts(577,29): error TS1005: ',' expected.
server/geminiService.ts(578,21): error TS1005: ',' expected.
server/geminiService.ts(579,6): error TS1005: ',' expected.
server/geminiService.ts(581,11): error TS1005: ':' expected.
server/geminiService.ts(581,96): error TS1005: ',' expected.
server/geminiService.ts(582,11): error TS1005: ':' expected.
server/geminiService.ts(587,7): error TS1005: ',' expected.
server/geminiService.ts(589,11): error TS1005: ':' expected.
server/geminiService.ts(593,97): error TS1005: ',' expected.
server/geminiService.ts(595,9): error TS1005: ',' expected.
server/geminiService.ts(595,41): error TS1005: ',' expected.
server/geminiService.ts(595,52): error TS1005: ',' expected.
server/geminiService.ts(596,11): error TS1005: ':' expected.
server/geminiService.ts(596,29): error TS1005: ',' expected.
server/geminiService.ts(608,89): error TS1005: ',' expected.
server/geminiService.ts(612,5): error TS1005: ',' expected.
server/geminiService.ts(612,12): error TS1005: ':' expected.
server/geminiService.ts(622,6): error TS1005: ',' expected.
server/geminiService.ts(625,3): error TS1005: ',' expected.
server/geminiService.ts(651,13): error TS1005: ':' expected.
server/geminiService.ts(651,33): error TS1005: ',' expected.
server/geminiService.ts(652,14): error TS1005: ':' expected.
server/geminiService.ts(652,38): error TS1005: ',' expected.
server/geminiService.ts(653,7): error TS1005: ',' expected.
server/geminiService.ts(659,3): error TS1005: ',' expected.
server/geminiService.ts(659,9): error TS1005: ',' expected.
server/geminiService.ts(659,44): error TS1005: ',' expected.
server/geminiService.ts(660,21): error TS1005: ',' expected.
server/geminiService.ts(661,21): error TS1005: ',' expected.
server/geminiService.ts(662,24): error TS1005: ',' expected.
server/geminiService.ts(663,21): error TS1005: ',' expected.
server/geminiService.ts(664,5): error TS1005: ',' expected.
server/geminiService.ts(664,30): error TS1005: ',' expected.
server/geminiService.ts(664,48): error TS1005: ',' expected.
server/geminiService.ts(665,9): error TS1005: ',' expected.
server/geminiService.ts(665,42): error TS1005: ',' expected.
server/geminiService.ts(668,15): error TS1005: ',' expected.
server/geminiService.ts(668,61): error TS1005: ',' expected.
server/geminiService.ts(668,63): error TS1005: ',' expected.
server/geminiService.ts(669,13): error TS1005: ':' expected.
server/geminiService.ts(669,31): error TS1005: ',' expected.
server/geminiService.ts(679,234): error TS1005: ':' expected.
server/geminiService.ts(680,13): error TS1136: Property assignment expected.
server/geminiService.ts(681,23): error TS1005: ',' expected.
server/geminiService.ts(681,28): error TS1005: ',' expected.
server/geminiService.ts(681,30): error TS1005: ',' expected.
server/geminiService.ts(682,46): error TS1005: ',' expected.
server/geminiService.ts(694,5): error TS1472: 'catch' or 'finally' expected.
server/geminiService.ts(729,1): error TS1472: 'catch' or 'finally' expected.
server/geminiService.ts(752,7): error TS1005: 'try' expected.
server/geminiService.ts(776,1): error TS1005: '}' expected.
